// Jest Snapshot v1, https://goo.gl/fbAQLP

exports[`Button component should match to snapshot - base 1`] = `
<div>
  <button
    class="sc-bczRLJ dlyGG"
  >
    <img
      alt="light theme hamburger"
      class="sc-gsnTZi ccUHbM"
      src="elements_hamburger_interface_list_menu_ui_icon_light.svg"
    />
  </button>
</div>
`;
